{
            "mcpServers": {
              "Swagger Petstore": {
                "type": "stdio",
                "command": "npx",
                "args": ["tsx", "server.ts"]
              }
            }
          }